    brand_name     | brand_type | average price | units sold 
-------------------+------------+---------------+------------
 BINDER PRIME      | PREMIUM    |         16.12 |       3753
 BUSTERS           | VALUE      |         22.59 |       3727
 FORESTERS BEST    | VALUE      |         20.94 |       2086
 HOME COMFORT      | CONTRACTOR |         21.80 |       4842
 LE MODE           | PREMIUM    |         19.22 |       5284
 LONG HAUL         | CONTRACTOR |         20.12 |       5728
 OLDE TYME QUALITY | CONTRACTOR |         18.33 |       3614
 STUTTENFURST      | CONTRACTOR |         16.47 |       3671
 VALU-MATTE        | VALUE      |         16.84 |       2485
(9 rows)

